../Core/Src/main.c:85:6:NRF_Init	152	static
../Core/Src/main.c:99:6:checkNRF	32	static
../Core/Src/main.c:134:5:main	128	static
../Core/Src/main.c:232:6:SystemClock_Config	120	static
../Core/Src/main.c:292:6:PeriphCommonClock_Config	200	static
../Core/Src/main.c:311:13:MX_FDCAN1_Init	8	static
../Core/Src/main.c:364:13:MX_SPI1_Init	8	static
../Core/Src/main.c:412:13:MX_TIM13_Init	40	static
../Core/Src/main.c:458:13:MX_TIM14_Init	40	static
../Core/Src/main.c:504:13:MX_USART3_UART_Init	8	static
../Core/Src/main.c:552:13:MX_GPIO_Init	56	static
../Core/Src/main.c:628:6:Error_Handler	4	static,ignoring_inline_asm
