../Core/Src/main.c:92:6:TurningSetAngle	24	static
../Core/Src/main.c:108:6:SetMotorSpeed	16	static
../Core/Src/main.c:123:5:main	16	static
../Core/Src/main.c:203:6:SystemClock_Config	120	static
../Core/Src/main.c:263:6:PeriphCommonClock_Config	200	static
../Core/Src/main.c:282:13:MX_SPI1_Init	8	static
../Core/Src/main.c:330:13:MX_TIM13_Init	40	static
../Core/Src/main.c:376:13:MX_TIM14_Init	40	static
../Core/Src/main.c:422:13:MX_USART3_UART_Init	8	static
../Core/Src/main.c:470:13:MX_GPIO_Init	56	static
../Core/Src/main.c:536:6:Error_Handler	4	static,ignoring_inline_asm
