17:17:53 **** Incremental Build of configuration Debug for project STM32H755_repo_test_CM7 ****
make -j12 all 
arm-none-eabi-gcc "../Core/Src/main.c" -mcpu=cortex-m7 -std=gnu11 -g3 -DDEBUG -DCORE_CM7 -DUSE_HAL_DRIVER -DSTM32H755xx -c -I../Core/Inc -I../../Drivers/STM32H7xx_HAL_Driver/Inc -I../../Drivers/STM32H7xx_HAL_Driver/Inc/Legacy -I../../Drivers/CMSIS/Device/ST/STM32H7xx/Include -I../../Drivers/CMSIS/Include -I../../Middlewares/Third_Party/FreeRTOS/Source/include -I../../Middlewares/Third_Party/FreeRTOS/Source/CMSIS_RTOS_V2 -I../../Middlewares/Third_Party/FreeRTOS/Source/portable/GCC/ARM_CM4F -O0 -ffunction-sections -fdata-sections -Wall -fstack-usage -fcyclomatic-complexity -MMD -MP -MF"Core/Src/main.d" -MT"Core/Src/main.o" --specs=nano.specs -mfpu=fpv5-d16 -mfloat-abi=hard -mthumb -o "Core/Src/main.o"
arm-none-eabi-gcc -o "STM32H755_repo_test_CM7.elf" @"objects.list"   -mcpu=cortex-m7 -T"C:\Users\Usuario\Documents\ITESM\CARRERA.5\Sistemas Embebidos\raul_clase\stm32h755-repo\STM32H755_repo_test\CM7\STM32H755ZITX_FLASH.ld" --specs=nosys.specs -Wl,-Map="STM32H755_repo_test_CM7.map" -Wl,--gc-sections -static --specs=nano.specs -mfpu=fpv5-d16 -mfloat-abi=hard -mthumb -u _printf_float -Wl,--start-group -lc -lm -Wl,--end-group
Finished building target: STM32H755_repo_test_CM7.elf
 
arm-none-eabi-size  STM32H755_repo_test_CM7.elf 
arm-none-eabi-objdump -h -S STM32H755_repo_test_CM7.elf  > "STM32H755_repo_test_CM7.list"
   text	   data	    bss	    dec	    hex	filename
  46180	    476	  21052	  67708	  1087c	STM32H755_repo_test_CM7.elf
Finished building: default.size.stdout
 
Finished building: STM32H755_repo_test_CM7.list
 

17:17:54 Build Finished. 0 errors, 0 warnings. (took 1s.394ms)

