10:49:07 **** Incremental Build of configuration Debug for project stm32h755_dspsetup_CM7 ****
make -j12 all 
arm-none-eabi-gcc "../Core/Src/main.c" -mcpu=cortex-m7 -std=gnu11 -g3 -DDEBUG -DARM_MATH_CM7 -DCORE_CM7 -DUSE_HAL_DRIVER -DSTM32H745xx -c -I../Core/Inc -I"C:/Users/Usuario/Documents/ITESM/CARRERA.5/Sistemas Embebidos/raul_clase/stm32h755-repo/stm32h755_dspsetup/Drivers/CMSIS/DSP/Include" -I../../Drivers/STM32H7xx_HAL_Driver/Inc -I../../Drivers/STM32H7xx_HAL_Driver/Inc/Legacy -I../../Drivers/CMSIS/Device/ST/STM32H7xx/Include -I../../Drivers/CMSIS/Include -O0 -ffunction-sections -fdata-sections -Wall -fstack-usage -fcyclomatic-complexity -MMD -MP -MF"Core/Src/main.d" -MT"Core/Src/main.o" --specs=nano.specs -mfpu=fpv5-d16 -mfloat-abi=hard -mthumb -o "Core/Src/main.o"
arm-none-eabi-gcc -o "stm32h755_dspsetup_CM7.elf" @"objects.list"  -larm_cortexM7lfdp_math -mcpu=cortex-m7 -T"C:\Users\Usuario\Documents\ITESM\CARRERA.5\Sistemas Embebidos\raul_clase\stm32h755-repo\stm32h755_dspsetup\CM7\STM32H745ZITX_FLASH.ld" --specs=nosys.specs -Wl,-Map="stm32h755_dspsetup_CM7.map" -Wl,--gc-sections -static -L"C:\Users\Usuario\Documents\ITESM\CARRERA.5\Sistemas Embebidos\raul_clase\stm32h755-repo\stm32h755_dspsetup\Drivers\CMSIS\DSP\Lib\GCC" -u _printf_float --specs=nano.specs -mfpu=fpv5-d16 -mfloat-abi=hard -mthumb -Wl,--start-group -lc -lm -Wl,--end-group
C:/ST/STM32CubeIDE_1.14.1/STM32CubeIDE/plugins/com.st.stm32cube.ide.mcu.externaltools.gnu-tools-for-stm32.12.3.rel1.win32_1.0.200.202406191623/tools/bin/../lib/gcc/arm-none-eabi/12.3.1/../../../../arm-none-eabi/bin/ld.exe: warning: stm32h755_dspsetup_CM7.elf has a LOAD segment with RWX permissions
Finished building target: stm32h755_dspsetup_CM7.elf
 
arm-none-eabi-size  stm32h755_dspsetup_CM7.elf 
arm-none-eabi-objdump -h -S stm32h755_dspsetup_CM7.elf  > "stm32h755_dspsetup_CM7.list"
   text	   data	    bss	    dec	    hex	filename
  35032	    484	   2180	  37696	   9340	stm32h755_dspsetup_CM7.elf
Finished building: default.size.stdout
 
Finished building: stm32h755_dspsetup_CM7.list
 

10:49:08 Build Finished. 0 errors, 1 warnings. (took 1s.444ms)

